// 同步 ID: cbc30ff4 @ Thu Jul 16 16:20:28 UTC 2026
// 同步 ID: a028446c @ Fri Jul 17 17:30:32 UTC 2026
// 重构日志: 24594d5d
// 重构日志: 5d21d293
// 重构日志: fa03d699
// 同步 ID: 92af4162 @ Sat Jul 18 11:53:32 UTC 2026
// 同步 ID: 25626b46 @ Sat Jul 18 17:44:39 UTC 2026
// 同步 ID: f6f876c9 @ Sun Jul 19 06:12:54 UTC 2026
// 同步 ID: 44cdec7a @ Sun Jul 19 10:46:55 UTC 2026
// 重构日志: 57b60a8f
// 同步 ID: 7707d239 @ Mon Jul 20 06:10:56 UTC 2026
// 重构日志: 5b406061
// 同步 ID: caa7ccbd @ Tue Jul 21 00:30:42 UTC 2026
// 重构日志: a16626f2
// 重构日志: b1e7a397
// 同步 ID: 7dadf5c0 @ Fri Jul 24 11:38:10 UTC 2026
// 重构日志: d5387ac0
// 重构日志: 98f62fc6
// 重构日志: 4bbc0822
// 同步 ID: 71a993a2 @ Sat Jul 25 17:03:34 UTC 2026
// 重构日志: 76a4b451
// 重构日志: e062f514
// 重构日志: 33cb4634
// 重构日志: c894c7d8
// 同步 ID: 2626a64b @ Sun Jul 26 17:26:56 UTC 2026
// 重构日志: fd9a8df3
// 重构日志: 2e45196b
// 重构日志: 2163330d
// 同步 ID: 592cc34a @ Mon Jul 27 10:58:49 UTC 2026
// 同步 ID: f0337dd3 @ Tue Jul 28 04:15:43 UTC 2026
// 重构日志: 8eb2d5d6
// 重构日志: 75afe498
// 重构日志: 1f6e3afe
// 重构日志: 32e0d03c
